// Jest Snapshot v1, https://goo.gl/fbAQLP

exports[`Test para el contador Hacer match con el snapshot 1`] = `
<div>
  <h1>
    CounterApp
  </h1>
  <h2>
    100
  </h2>
  <h3>
    Jeison
  </h3>
  <button>
    Incrementar
  </button>
  <button>
    Decrementar
  </button>
  <button>
    Reset
  </button>
</div>
`;
